Doxygen version used: 1.9.8
Searching for include files...
Searching for example files...
Searching for images...
Searching for dot files...
Searching for msc files...
Searching for dia files...
Searching for files to exclude
Searching INPUT for files to process...
Searching for files in directory /home/runner/work/R-Type/R-Type
Searching for files in directory /home/runner/work/R-Type/R-Type/third_party
Searching for files in directory /home/runner/work/R-Type/R-Type/third_party/SFML
Searching for files in directory /home/runner/work/R-Type/R-Type/third_party/SFML/share
Searching for files in directory /home/runner/work/R-Type/R-Type/third_party/SFML/share/SFML
Searching for files in directory /home/runner/work/R-Type/R-Type/third_party/SFML/share/SFML/examples
Searching for files in directory /home/runner/work/R-Type/R-Type/third_party/SFML/share/SFML/examples/ftp
Searching for files in directory /home/runner/work/R-Type/R-Type/third_party/SFML/share/SFML/examples/joystick
Searching for files in directory /home/runner/work/R-Type/R-Type/third_party/SFML/share/SFML/examples/joystick/resources
Searching for files in directory /home/runner/work/R-Type/R-Type/third_party/SFML/share/SFML/examples/sound
Searching for files in directory /home/runner/work/R-Type/R-Type/third_party/SFML/share/SFML/examples/sound/resources
Searching for files in directory /home/runner/work/R-Type/R-Type/third_party/SFML/share/SFML/examples/pong
Searching for files in directory /home/runner/work/R-Type/R-Type/third_party/SFML/share/SFML/examples/pong/resources
Searching for files in directory /home/runner/work/R-Type/R-Type/third_party/SFML/share/SFML/examples/sockets
Searching for files in directory /home/runner/work/R-Type/R-Type/third_party/SFML/share/SFML/examples/window
Searching for files in directory /home/runner/work/R-Type/R-Type/third_party/SFML/share/SFML/examples/X11Example
Searching for files in directory /home/runner/work/R-Type/R-Type/third_party/SFML/share/SFML/examples/voip
Searching for files in directory /home/runner/work/R-Type/R-Type/third_party/SFML/share/SFML/examples/opengl
Searching for files in directory /home/runner/work/R-Type/R-Type/third_party/SFML/share/SFML/examples/opengl/resources
Searching for files in directory /home/runner/work/R-Type/R-Type/third_party/SFML/share/SFML/examples/sound-capture
Searching for files in directory /home/runner/work/R-Type/R-Type/third_party/SFML/share/SFML/examples/shader
Searching for files in directory /home/runner/work/R-Type/R-Type/third_party/SFML/share/SFML/examples/shader/resources
Searching for files in directory /home/runner/work/R-Type/R-Type/third_party/SFML/share/SFML/examples/island
Searching for files in directory /home/runner/work/R-Type/R-Type/third_party/SFML/share/SFML/examples/island/resources
Searching for files in directory /home/runner/work/R-Type/R-Type/third_party/SFML/share/SFML/doc
Searching for files in directory /home/runner/work/R-Type/R-Type/third_party/SFML/share/SFML/doc/html
Searching for files in directory /home/runner/work/R-Type/R-Type/third_party/SFML/lib
Searching for files in directory /home/runner/work/R-Type/R-Type/third_party/SFML/lib/cmake
Searching for files in directory /home/runner/work/R-Type/R-Type/third_party/SFML/lib/cmake/SFML
Searching for files in directory /home/runner/work/R-Type/R-Type/third_party/SFML/include
Searching for files in directory /home/runner/work/R-Type/R-Type/third_party/SFML/include/SFML
Searching for files in directory /home/runner/work/R-Type/R-Type/third_party/SFML/include/SFML/System
Searching for files in directory /home/runner/work/R-Type/R-Type/third_party/SFML/include/SFML/Window
Searching for files in directory /home/runner/work/R-Type/R-Type/third_party/SFML/include/SFML/Network
Searching for files in directory /home/runner/work/R-Type/R-Type/third_party/SFML/include/SFML/Graphics
Searching for files in directory /home/runner/work/R-Type/R-Type/third_party/SFML/include/SFML/Audio
Searching for files in directory /home/runner/work/R-Type/R-Type/server
Searching for files in directory /home/runner/work/R-Type/R-Type/server/src
Searching for files in directory /home/runner/work/R-Type/R-Type/utils
Searching for files in directory /home/runner/work/R-Type/R-Type/ecs
Searching for files in directory /home/runner/work/R-Type/R-Type/ecs/src
Searching for files in directory /home/runner/work/R-Type/R-Type/ecs/src/system
Searching for files in directory /home/runner/work/R-Type/R-Type/ecs/src/display
Searching for files in directory /home/runner/work/R-Type/R-Type/ecs/src/network
Searching for files in directory /home/runner/work/R-Type/R-Type/ecs/include
Searching for files in directory /home/runner/work/R-Type/R-Type/ecs/include/components
Searching for files in directory /home/runner/work/R-Type/R-Type/ecs/include/display
Searching for files in directory /home/runner/work/R-Type/R-Type/ecs/include/network
Searching for files in directory /home/runner/work/R-Type/R-Type/ecs/include/systems
Searching for files in directory /home/runner/work/R-Type/R-Type/client
Searching for files in directory /home/runner/work/R-Type/R-Type/client/src
Searching for files in directory /home/runner/work/R-Type/R-Type/docs
Searching for files in directory /home/runner/work/R-Type/R-Type/assets
Searching for files in directory /home/runner/work/R-Type/R-Type/assets/Readme
Searching for files in directory /home/runner/work/R-Type/R-Type/assets/img
Reading and parsing tag files
Parsing files
Preprocessing /home/runner/work/R-Type/R-Type/client/src/main.cpp...
Parsing file /home/runner/work/R-Type/R-Type/client/src/main.cpp...
Reading /home/runner/work/R-Type/R-Type/ComparativeAnalysis.md...
Reading /home/runner/work/R-Type/R-Type/CompilationWindows.md...
Reading /home/runner/work/R-Type/R-Type/DeveloperDocumentation.md...
Preprocessing /home/runner/work/R-Type/R-Type/ecs/include/components/Background.hpp...
Parsing file /home/runner/work/R-Type/R-Type/ecs/include/components/Background.hpp...
Preprocessing /home/runner/work/R-Type/R-Type/ecs/include/components/Box.hpp...
Parsing file /home/runner/work/R-Type/R-Type/ecs/include/components/Box.hpp...
Preprocessing /home/runner/work/R-Type/R-Type/ecs/include/components/Bullet.hpp...
Parsing file /home/runner/work/R-Type/R-Type/ecs/include/components/Bullet.hpp...
Preprocessing /home/runner/work/R-Type/R-Type/ecs/include/components/Component.hpp...
Parsing file /home/runner/work/R-Type/R-Type/ecs/include/components/Component.hpp...
Preprocessing /home/runner/work/R-Type/R-Type/ecs/include/components/Enemie.hpp...
Parsing file /home/runner/work/R-Type/R-Type/ecs/include/components/Enemie.hpp...
Preprocessing /home/runner/work/R-Type/R-Type/ecs/include/components/Health.hpp...
Parsing file /home/runner/work/R-Type/R-Type/ecs/include/components/Health.hpp...
Preprocessing /home/runner/work/R-Type/R-Type/ecs/include/components/Network.hpp...
Parsing file /home/runner/work/R-Type/R-Type/ecs/include/components/Network.hpp...
Preprocessing /home/runner/work/R-Type/R-Type/ecs/include/components/Owner.hpp...
Parsing file /home/runner/work/R-Type/R-Type/ecs/include/components/Owner.hpp...
Preprocessing /home/runner/work/R-Type/R-Type/ecs/include/components/Pattern.hpp...
Parsing file /home/runner/work/R-Type/R-Type/ecs/include/components/Pattern.hpp...
Preprocessing /home/runner/work/R-Type/R-Type/ecs/include/components/Player.hpp...
Parsing file /home/runner/work/R-Type/R-Type/ecs/include/components/Player.hpp...
Preprocessing /home/runner/work/R-Type/R-Type/ecs/include/components/Position.hpp...
Parsing file /home/runner/work/R-Type/R-Type/ecs/include/components/Position.hpp...
Preprocessing /home/runner/work/R-Type/R-Type/ecs/include/components/Texture.hpp...
Parsing file /home/runner/work/R-Type/R-Type/ecs/include/components/Texture.hpp...
Preprocessing /home/runner/work/R-Type/R-Type/ecs/include/components/TextureServer.hpp...
Parsing file /home/runner/work/R-Type/R-Type/ecs/include/components/TextureServer.hpp...
Preprocessing /home/runner/work/R-Type/R-Type/ecs/include/components/Velocity.hpp...
Parsing file /home/runner/work/R-Type/R-Type/ecs/include/components/Velocity.hpp...
Preprocessing /home/runner/work/R-Type/R-Type/ecs/include/display/IDisplay.hpp...
Parsing file /home/runner/work/R-Type/R-Type/ecs/include/display/IDisplay.hpp...
Preprocessing /home/runner/work/R-Type/R-Type/ecs/include/display/SFMLDisplay.hpp...
Parsing file /home/runner/work/R-Type/R-Type/ecs/include/display/SFMLDisplay.hpp...
Preprocessing /home/runner/work/R-Type/R-Type/ecs/include/Entity.hpp...
Parsing file /home/runner/work/R-Type/R-Type/ecs/include/Entity.hpp...
Preprocessing /home/runner/work/R-Type/R-Type/ecs/include/EntityManager.hpp...
Parsing file /home/runner/work/R-Type/R-Type/ecs/include/EntityManager.hpp...
Preprocessing /home/runner/work/R-Type/R-Type/ecs/include/network/ISocket.hpp...
Parsing file /home/runner/work/R-Type/R-Type/ecs/include/network/ISocket.hpp...
Preprocessing /home/runner/work/R-Type/R-Type/ecs/include/network/SFMLSocket.hpp...
Parsing file /home/runner/work/R-Type/R-Type/ecs/include/network/SFMLSocket.hpp...
Preprocessing /home/runner/work/R-Type/R-Type/ecs/include/protocole.hpp...
Parsing file /home/runner/work/R-Type/R-Type/ecs/include/protocole.hpp...
Preprocessing /home/runner/work/R-Type/R-Type/ecs/include/SystemManager.hpp...
Parsing file /home/runner/work/R-Type/R-Type/ecs/include/SystemManager.hpp...
Preprocessing /home/runner/work/R-Type/R-Type/ecs/include/systems/Background.hpp...
Parsing file /home/runner/work/R-Type/R-Type/ecs/include/systems/Background.hpp...
Preprocessing /home/runner/work/R-Type/R-Type/ecs/include/systems/Box.hpp...
Parsing file /home/runner/work/R-Type/R-Type/ecs/include/systems/Box.hpp...
Preprocessing /home/runner/work/R-Type/R-Type/ecs/include/systems/Bullet.hpp...
Parsing file /home/runner/work/R-Type/R-Type/ecs/include/systems/Bullet.hpp...
Preprocessing /home/runner/work/R-Type/R-Type/ecs/include/systems/Client.hpp...
Parsing file /home/runner/work/R-Type/R-Type/ecs/include/systems/Client.hpp...
Preprocessing /home/runner/work/R-Type/R-Type/ecs/include/systems/ColorBlind.hpp...
Parsing file /home/runner/work/R-Type/R-Type/ecs/include/systems/ColorBlind.hpp...
Preprocessing /home/runner/work/R-Type/R-Type/ecs/include/systems/Enemie.hpp...
Parsing file /home/runner/work/R-Type/R-Type/ecs/include/systems/Enemie.hpp...
Preprocessing /home/runner/work/R-Type/R-Type/ecs/include/systems/ISystem.hpp...
Parsing file /home/runner/work/R-Type/R-Type/ecs/include/systems/ISystem.hpp...
Preprocessing /home/runner/work/R-Type/R-Type/ecs/include/systems/Movement.hpp...
Parsing file /home/runner/work/R-Type/R-Type/ecs/include/systems/Movement.hpp...
Preprocessing /home/runner/work/R-Type/R-Type/ecs/include/systems/Player.hpp...
Parsing file /home/runner/work/R-Type/R-Type/ecs/include/systems/Player.hpp...
Preprocessing /home/runner/work/R-Type/R-Type/ecs/include/systems/Render.hpp...
Parsing file /home/runner/work/R-Type/R-Type/ecs/include/systems/Render.hpp...
Preprocessing /home/runner/work/R-Type/R-Type/ecs/include/systems/Server.hpp...
Parsing file /home/runner/work/R-Type/R-Type/ecs/include/systems/Server.hpp...
Preprocessing /home/runner/work/R-Type/R-Type/ecs/src/display/SFMLDisplay.cpp...
Parsing file /home/runner/work/R-Type/R-Type/ecs/src/display/SFMLDisplay.cpp...
Preprocessing /home/runner/work/R-Type/R-Type/ecs/src/EntityManager.cpp...
Parsing file /home/runner/work/R-Type/R-Type/ecs/src/EntityManager.cpp...
Preprocessing /home/runner/work/R-Type/R-Type/ecs/src/network/SFMLSocket.cpp...
Parsing file /home/runner/work/R-Type/R-Type/ecs/src/network/SFMLSocket.cpp...
Preprocessing /home/runner/work/R-Type/R-Type/ecs/src/system/Background.cpp...
Parsing file /home/runner/work/R-Type/R-Type/ecs/src/system/Background.cpp...
Preprocessing /home/runner/work/R-Type/R-Type/ecs/src/system/Box.cpp...
Parsing file /home/runner/work/R-Type/R-Type/ecs/src/system/Box.cpp...
Preprocessing /home/runner/work/R-Type/R-Type/ecs/src/system/Bullet.cpp...
Parsing file /home/runner/work/R-Type/R-Type/ecs/src/system/Bullet.cpp...
Preprocessing /home/runner/work/R-Type/R-Type/ecs/src/system/Client.cpp...
Parsing file /home/runner/work/R-Type/R-Type/ecs/src/system/Client.cpp...
Preprocessing /home/runner/work/R-Type/R-Type/ecs/src/system/ColorBlind.cpp...
Parsing file /home/runner/work/R-Type/R-Type/ecs/src/system/ColorBlind.cpp...
Preprocessing /home/runner/work/R-Type/R-Type/ecs/src/system/Enemie.cpp...
Parsing file /home/runner/work/R-Type/R-Type/ecs/src/system/Enemie.cpp...
Preprocessing /home/runner/work/R-Type/R-Type/ecs/src/system/Movement.cpp...
Parsing file /home/runner/work/R-Type/R-Type/ecs/src/system/Movement.cpp...
Preprocessing /home/runner/work/R-Type/R-Type/ecs/src/system/Player.cpp...
Parsing file /home/runner/work/R-Type/R-Type/ecs/src/system/Player.cpp...
Preprocessing /home/runner/work/R-Type/R-Type/ecs/src/system/Render.cpp...
Parsing file /home/runner/work/R-Type/R-Type/ecs/src/system/Render.cpp...
Preprocessing /home/runner/work/R-Type/R-Type/ecs/src/system/Server.cpp...
Parsing file /home/runner/work/R-Type/R-Type/ecs/src/system/Server.cpp...
Preprocessing /home/runner/work/R-Type/R-Type/ecs/src/SystemManager.cpp...
Parsing file /home/runner/work/R-Type/R-Type/ecs/src/SystemManager.cpp...
Reading /home/runner/work/R-Type/R-Type/protocol.md...
Reading /home/runner/work/R-Type/R-Type/Readme.md...
Preprocessing /home/runner/work/R-Type/R-Type/server/src/main.cpp...
Parsing file /home/runner/work/R-Type/R-Type/server/src/main.cpp...
Preprocessing /home/runner/work/R-Type/R-Type/third_party/SFML/include/SFML/Audio.hpp...
Parsing file /home/runner/work/R-Type/R-Type/third_party/SFML/include/SFML/Audio.hpp...
Preprocessing /home/runner/work/R-Type/R-Type/third_party/SFML/include/SFML/Audio/AlResource.hpp...
Parsing file /home/runner/work/R-Type/R-Type/third_party/SFML/include/SFML/Audio/AlResource.hpp...
Preprocessing /home/runner/work/R-Type/R-Type/third_party/SFML/include/SFML/Audio/Export.hpp...
Parsing file /home/runner/work/R-Type/R-Type/third_party/SFML/include/SFML/Audio/Export.hpp...
Preprocessing /home/runner/work/R-Type/R-Type/third_party/SFML/include/SFML/Audio/InputSoundFile.hpp...
Parsing file /home/runner/work/R-Type/R-Type/third_party/SFML/include/SFML/Audio/InputSoundFile.hpp...
Preprocessing /home/runner/work/R-Type/R-Type/third_party/SFML/include/SFML/Audio/Listener.hpp...
Parsing file /home/runner/work/R-Type/R-Type/third_party/SFML/include/SFML/Audio/Listener.hpp...
Preprocessing /home/runner/work/R-Type/R-Type/third_party/SFML/include/SFML/Audio/Music.hpp...
Parsing file /home/runner/work/R-Type/R-Type/third_party/SFML/include/SFML/Audio/Music.hpp...
Preprocessing /home/runner/work/R-Type/R-Type/third_party/SFML/include/SFML/Audio/OutputSoundFile.hpp...
Parsing file /home/runner/work/R-Type/R-Type/third_party/SFML/include/SFML/Audio/OutputSoundFile.hpp...
Preprocessing /home/runner/work/R-Type/R-Type/third_party/SFML/include/SFML/Audio/Sound.hpp...
Parsing file /home/runner/work/R-Type/R-Type/third_party/SFML/include/SFML/Audio/Sound.hpp...
Preprocessing /home/runner/work/R-Type/R-Type/third_party/SFML/include/SFML/Audio/SoundBuffer.hpp...
Parsing file /home/runner/work/R-Type/R-Type/third_party/SFML/include/SFML/Audio/SoundBuffer.hpp...
Preprocessing /home/runner/work/R-Type/R-Type/third_party/SFML/include/SFML/Audio/SoundBufferRecorder.hpp...
Parsing file /home/runner/work/R-Type/R-Type/third_party/SFML/include/SFML/Audio/SoundBufferRecorder.hpp...
Preprocessing /home/runner/work/R-Type/R-Type/third_party/SFML/include/SFML/Audio/SoundFileFactory.hpp...
Parsing file /home/runner/work/R-Type/R-Type/third_party/SFML/include/SFML/Audio/SoundFileFactory.hpp...
Preprocessing /home/runner/work/R-Type/R-Type/third_party/SFML/include/SFML/Audio/SoundFileFactory.inl...
Parsing file /home/runner/work/R-Type/R-Type/third_party/SFML/include/SFML/Audio/SoundFileFactory.inl...
Preprocessing /home/runner/work/R-Type/R-Type/third_party/SFML/include/SFML/Audio/SoundFileReader.hpp...
Parsing file /home/runner/work/R-Type/R-Type/third_party/SFML/include/SFML/Audio/SoundFileReader.hpp...
Preprocessing /home/runner/work/R-Type/R-Type/third_party/SFML/include/SFML/Audio/SoundFileWriter.hpp...
Parsing file /home/runner/work/R-Type/R-Type/third_party/SFML/include/SFML/Audio/SoundFileWriter.hpp...
Preprocessing /home/runner/work/R-Type/R-Type/third_party/SFML/include/SFML/Audio/SoundRecorder.hpp...
Parsing file /home/runner/work/R-Type/R-Type/third_party/SFML/include/SFML/Audio/SoundRecorder.hpp...
Preprocessing /home/runner/work/R-Type/R-Type/third_party/SFML/include/SFML/Audio/SoundSource.hpp...
Parsing file /home/runner/work/R-Type/R-Type/third_party/SFML/include/SFML/Audio/SoundSource.hpp...
Preprocessing /home/runner/work/R-Type/R-Type/third_party/SFML/include/SFML/Audio/SoundStream.hpp...
Parsing file /home/runner/work/R-Type/R-Type/third_party/SFML/include/SFML/Audio/SoundStream.hpp...
Preprocessing /home/runner/work/R-Type/R-Type/third_party/SFML/include/SFML/Config.hpp...
Parsing file /home/runner/work/R-Type/R-Type/third_party/SFML/include/SFML/Config.hpp...
Preprocessing /home/runner/work/R-Type/R-Type/third_party/SFML/include/SFML/GpuPreference.hpp...
Parsing file /home/runner/work/R-Type/R-Type/third_party/SFML/include/SFML/GpuPreference.hpp...
Preprocessing /home/runner/work/R-Type/R-Type/third_party/SFML/include/SFML/Graphics.hpp...
Parsing file /home/runner/work/R-Type/R-Type/third_party/SFML/include/SFML/Graphics.hpp...
Preprocessing /home/runner/work/R-Type/R-Type/third_party/SFML/include/SFML/Graphics/BlendMode.hpp...
Parsing file /home/runner/work/R-Type/R-Type/third_party/SFML/include/SFML/Graphics/BlendMode.hpp...
Preprocessing /home/runner/work/R-Type/R-Type/third_party/SFML/include/SFML/Graphics/CircleShape.hpp...
Parsing file /home/runner/work/R-Type/R-Type/third_party/SFML/include/SFML/Graphics/CircleShape.hpp...
Preprocessing /home/runner/work/R-Type/R-Type/third_party/SFML/include/SFML/Graphics/Color.hpp...
Parsing file /home/runner/work/R-Type/R-Type/third_party/SFML/include/SFML/Graphics/Color.hpp...
Preprocessing /home/runner/work/R-Type/R-Type/third_party/SFML/include/SFML/Graphics/ConvexShape.hpp...
Parsing file /home/runner/work/R-Type/R-Type/third_party/SFML/include/SFML/Graphics/ConvexShape.hpp...
Preprocessing /home/runner/work/R-Type/R-Type/third_party/SFML/include/SFML/Graphics/Drawable.hpp...
Parsing file /home/runner/work/R-Type/R-Type/third_party/SFML/include/SFML/Graphics/Drawable.hpp...
Preprocessing /home/runner/work/R-Type/R-Type/third_party/SFML/include/SFML/Graphics/Export.hpp...
Parsing file /home/runner/work/R-Type/R-Type/third_party/SFML/include/SFML/Graphics/Export.hpp...
Preprocessing /home/runner/work/R-Type/R-Type/third_party/SFML/include/SFML/Graphics/Font.hpp...
Parsing file /home/runner/work/R-Type/R-Type/third_party/SFML/include/SFML/Graphics/Font.hpp...
Preprocessing /home/runner/work/R-Type/R-Type/third_party/SFML/include/SFML/Graphics/Glsl.hpp...
Parsing file /home/runner/work/R-Type/R-Type/third_party/SFML/include/SFML/Graphics/Glsl.hpp...
Preprocessing /home/runner/work/R-Type/R-Type/third_party/SFML/include/SFML/Graphics/Glsl.inl...
Parsing file /home/runner/work/R-Type/R-Type/third_party/SFML/include/SFML/Graphics/Glsl.inl...
Preprocessing /home/runner/work/R-Type/R-Type/third_party/SFML/include/SFML/Graphics/Glyph.hpp...
Parsing file /home/runner/work/R-Type/R-Type/third_party/SFML/include/SFML/Graphics/Glyph.hpp...
Preprocessing /home/runner/work/R-Type/R-Type/third_party/SFML/include/SFML/Graphics/Image.hpp...
Parsing file /home/runner/work/R-Type/R-Type/third_party/SFML/include/SFML/Graphics/Image.hpp...
Preprocessing /home/runner/work/R-Type/R-Type/third_party/SFML/include/SFML/Graphics/PrimitiveType.hpp...
Parsing file /home/runner/work/R-Type/R-Type/third_party/SFML/include/SFML/Graphics/PrimitiveType.hpp...
Preprocessing /home/runner/work/R-Type/R-Type/third_party/SFML/include/SFML/Graphics/Rect.hpp...
Parsing file /home/runner/work/R-Type/R-Type/third_party/SFML/include/SFML/Graphics/Rect.hpp...
Preprocessing /home/runner/work/R-Type/R-Type/third_party/SFML/include/SFML/Graphics/Rect.inl...
Parsing file /home/runner/work/R-Type/R-Type/third_party/SFML/include/SFML/Graphics/Rect.inl...
Preprocessing /home/runner/work/R-Type/R-Type/third_party/SFML/include/SFML/Graphics/RectangleShape.hpp...
Parsing file /home/runner/work/R-Type/R-Type/third_party/SFML/include/SFML/Graphics/RectangleShape.hpp...
Preprocessing /home/runner/work/R-Type/R-Type/third_party/SFML/include/SFML/Graphics/RenderStates.hpp...
Parsing file /home/runner/work/R-Type/R-Type/third_party/SFML/include/SFML/Graphics/RenderStates.hpp...
Preprocessing /home/runner/work/R-Type/R-Type/third_party/SFML/include/SFML/Graphics/RenderTarget.hpp...
Parsing file /home/runner/work/R-Type/R-Type/third_party/SFML/include/SFML/Graphics/RenderTarget.hpp...
Preprocessing /home/runner/work/R-Type/R-Type/third_party/SFML/include/SFML/Graphics/RenderTexture.hpp...
Parsing file /home/runner/work/R-Type/R-Type/third_party/SFML/include/SFML/Graphics/RenderTexture.hpp...
Preprocessing /home/runner/work/R-Type/R-Type/third_party/SFML/include/SFML/Graphics/RenderWindow.hpp...
Parsing file /home/runner/work/R-Type/R-Type/third_party/SFML/include/SFML/Graphics/RenderWindow.hpp...
Preprocessing /home/runner/work/R-Type/R-Type/third_party/SFML/include/SFML/Graphics/Shader.hpp...
Parsing file /home/runner/work/R-Type/R-Type/third_party/SFML/include/SFML/Graphics/Shader.hpp...
Preprocessing /home/runner/work/R-Type/R-Type/third_party/SFML/include/SFML/Graphics/Shape.hpp...
Parsing file /home/runner/work/R-Type/R-Type/third_party/SFML/include/SFML/Graphics/Shape.hpp...
Preprocessing /home/runner/work/R-Type/R-Type/third_party/SFML/include/SFML/Graphics/Sprite.hpp...
Parsing file /home/runner/work/R-Type/R-Type/third_party/SFML/include/SFML/Graphics/Sprite.hpp...
Preprocessing /home/runner/work/R-Type/R-Type/third_party/SFML/include/SFML/Graphics/Text.hpp...
Parsing file /home/runner/work/R-Type/R-Type/third_party/SFML/include/SFML/Graphics/Text.hpp...
Preprocessing /home/runner/work/R-Type/R-Type/third_party/SFML/include/SFML/Graphics/Texture.hpp...
Parsing file /home/runner/work/R-Type/R-Type/third_party/SFML/include/SFML/Graphics/Texture.hpp...
Preprocessing /home/runner/work/R-Type/R-Type/third_party/SFML/include/SFML/Graphics/Transform.hpp...
Parsing file /home/runner/work/R-Type/R-Type/third_party/SFML/include/SFML/Graphics/Transform.hpp...
Preprocessing /home/runner/work/R-Type/R-Type/third_party/SFML/include/SFML/Graphics/Transformable.hpp...
Parsing file /home/runner/work/R-Type/R-Type/third_party/SFML/include/SFML/Graphics/Transformable.hpp...
Preprocessing /home/runner/work/R-Type/R-Type/third_party/SFML/include/SFML/Graphics/Vertex.hpp...
Parsing file /home/runner/work/R-Type/R-Type/third_party/SFML/include/SFML/Graphics/Vertex.hpp...
Preprocessing /home/runner/work/R-Type/R-Type/third_party/SFML/include/SFML/Graphics/VertexArray.hpp...
Parsing file /home/runner/work/R-Type/R-Type/third_party/SFML/include/SFML/Graphics/VertexArray.hpp...
Preprocessing /home/runner/work/R-Type/R-Type/third_party/SFML/include/SFML/Graphics/VertexBuffer.hpp...
Parsing file /home/runner/work/R-Type/R-Type/third_party/SFML/include/SFML/Graphics/VertexBuffer.hpp...
Preprocessing /home/runner/work/R-Type/R-Type/third_party/SFML/include/SFML/Graphics/View.hpp...
Parsing file /home/runner/work/R-Type/R-Type/third_party/SFML/include/SFML/Graphics/View.hpp...
Preprocessing /home/runner/work/R-Type/R-Type/third_party/SFML/include/SFML/Main.hpp...
Parsing file /home/runner/work/R-Type/R-Type/third_party/SFML/include/SFML/Main.hpp...
Preprocessing /home/runner/work/R-Type/R-Type/third_party/SFML/include/SFML/Network.hpp...
Parsing file /home/runner/work/R-Type/R-Type/third_party/SFML/include/SFML/Network.hpp...
Preprocessing /home/runner/work/R-Type/R-Type/third_party/SFML/include/SFML/Network/Export.hpp...
Parsing file /home/runner/work/R-Type/R-Type/third_party/SFML/include/SFML/Network/Export.hpp...
Preprocessing /home/runner/work/R-Type/R-Type/third_party/SFML/include/SFML/Network/Ftp.hpp...
Parsing file /home/runner/work/R-Type/R-Type/third_party/SFML/include/SFML/Network/Ftp.hpp...
Preprocessing /home/runner/work/R-Type/R-Type/third_party/SFML/include/SFML/Network/Http.hpp...
Parsing file /home/runner/work/R-Type/R-Type/third_party/SFML/include/SFML/Network/Http.hpp...
Preprocessing /home/runner/work/R-Type/R-Type/third_party/SFML/include/SFML/Network/IpAddress.hpp...
Parsing file /home/runner/work/R-Type/R-Type/third_party/SFML/include/SFML/Network/IpAddress.hpp...
Preprocessing /home/runner/work/R-Type/R-Type/third_party/SFML/include/SFML/Network/Packet.hpp...
Parsing file /home/runner/work/R-Type/R-Type/third_party/SFML/include/SFML/Network/Packet.hpp...
Preprocessing /home/runner/work/R-Type/R-Type/third_party/SFML/include/SFML/Network/Socket.hpp...
Parsing file /home/runner/work/R-Type/R-Type/third_party/SFML/include/SFML/Network/Socket.hpp...
Preprocessing /home/runner/work/R-Type/R-Type/third_party/SFML/include/SFML/Network/SocketHandle.hpp...
Parsing file /home/runner/work/R-Type/R-Type/third_party/SFML/include/SFML/Network/SocketHandle.hpp...
Preprocessing /home/runner/work/R-Type/R-Type/third_party/SFML/include/SFML/Network/SocketSelector.hpp...
Parsing file /home/runner/work/R-Type/R-Type/third_party/SFML/include/SFML/Network/SocketSelector.hpp...
Preprocessing /home/runner/work/R-Type/R-Type/third_party/SFML/include/SFML/Network/TcpListener.hpp...
Parsing file /home/runner/work/R-Type/R-Type/third_party/SFML/include/SFML/Network/TcpListener.hpp...
Preprocessing /home/runner/work/R-Type/R-Type/third_party/SFML/include/SFML/Network/TcpSocket.hpp...
Parsing file /home/runner/work/R-Type/R-Type/third_party/SFML/include/SFML/Network/TcpSocket.hpp...
Preprocessing /home/runner/work/R-Type/R-Type/third_party/SFML/include/SFML/Network/UdpSocket.hpp...
Parsing file /home/runner/work/R-Type/R-Type/third_party/SFML/include/SFML/Network/UdpSocket.hpp...
Preprocessing /home/runner/work/R-Type/R-Type/third_party/SFML/include/SFML/OpenGL.hpp...
Parsing file /home/runner/work/R-Type/R-Type/third_party/SFML/include/SFML/OpenGL.hpp...
Preprocessing /home/runner/work/R-Type/R-Type/third_party/SFML/include/SFML/System.hpp...
Parsing file /home/runner/work/R-Type/R-Type/third_party/SFML/include/SFML/System.hpp...
Preprocessing /home/runner/work/R-Type/R-Type/third_party/SFML/include/SFML/System/Clock.hpp...
Parsing file /home/runner/work/R-Type/R-Type/third_party/SFML/include/SFML/System/Clock.hpp...
Preprocessing /home/runner/work/R-Type/R-Type/third_party/SFML/include/SFML/System/Err.hpp...
Parsing file /home/runner/work/R-Type/R-Type/third_party/SFML/include/SFML/System/Err.hpp...
Preprocessing /home/runner/work/R-Type/R-Type/third_party/SFML/include/SFML/System/Export.hpp...
Parsing file /home/runner/work/R-Type/R-Type/third_party/SFML/include/SFML/System/Export.hpp...
Preprocessing /home/runner/work/R-Type/R-Type/third_party/SFML/include/SFML/System/FileInputStream.hpp...
Parsing file /home/runner/work/R-Type/R-Type/third_party/SFML/include/SFML/System/FileInputStream.hpp...
Preprocessing /home/runner/work/R-Type/R-Type/third_party/SFML/include/SFML/System/InputStream.hpp...
Parsing file /home/runner/work/R-Type/R-Type/third_party/SFML/include/SFML/System/InputStream.hpp...
Preprocessing /home/runner/work/R-Type/R-Type/third_party/SFML/include/SFML/System/Lock.hpp...
Parsing file /home/runner/work/R-Type/R-Type/third_party/SFML/include/SFML/System/Lock.hpp...
Preprocessing /home/runner/work/R-Type/R-Type/third_party/SFML/include/SFML/System/MemoryInputStream.hpp...
Parsing file /home/runner/work/R-Type/R-Type/third_party/SFML/include/SFML/System/MemoryInputStream.hpp...
Preprocessing /home/runner/work/R-Type/R-Type/third_party/SFML/include/SFML/System/Mutex.hpp...
Parsing file /home/runner/work/R-Type/R-Type/third_party/SFML/include/SFML/System/Mutex.hpp...
Preprocessing /home/runner/work/R-Type/R-Type/third_party/SFML/include/SFML/System/NativeActivity.hpp...
Parsing file /home/runner/work/R-Type/R-Type/third_party/SFML/include/SFML/System/NativeActivity.hpp...
Preprocessing /home/runner/work/R-Type/R-Type/third_party/SFML/include/SFML/System/NonCopyable.hpp...
Parsing file /home/runner/work/R-Type/R-Type/third_party/SFML/include/SFML/System/NonCopyable.hpp...
Preprocessing /home/runner/work/R-Type/R-Type/third_party/SFML/include/SFML/System/Sleep.hpp...
Parsing file /home/runner/work/R-Type/R-Type/third_party/SFML/include/SFML/System/Sleep.hpp...
Preprocessing /home/runner/work/R-Type/R-Type/third_party/SFML/include/SFML/System/String.hpp...
Parsing file /home/runner/work/R-Type/R-Type/third_party/SFML/include/SFML/System/String.hpp...
Preprocessing /home/runner/work/R-Type/R-Type/third_party/SFML/include/SFML/System/String.inl...
Parsing file /home/runner/work/R-Type/R-Type/third_party/SFML/include/SFML/System/String.inl...
Preprocessing /home/runner/work/R-Type/R-Type/third_party/SFML/include/SFML/System/Thread.hpp...
Parsing file /home/runner/work/R-Type/R-Type/third_party/SFML/include/SFML/System/Thread.hpp...
Preprocessing /home/runner/work/R-Type/R-Type/third_party/SFML/include/SFML/System/Thread.inl...
Parsing file /home/runner/work/R-Type/R-Type/third_party/SFML/include/SFML/System/Thread.inl...
Preprocessing /home/runner/work/R-Type/R-Type/third_party/SFML/include/SFML/System/ThreadLocal.hpp...
Parsing file /home/runner/work/R-Type/R-Type/third_party/SFML/include/SFML/System/ThreadLocal.hpp...
Preprocessing /home/runner/work/R-Type/R-Type/third_party/SFML/include/SFML/System/ThreadLocalPtr.hpp...
Parsing file /home/runner/work/R-Type/R-Type/third_party/SFML/include/SFML/System/ThreadLocalPtr.hpp...
Preprocessing /home/runner/work/R-Type/R-Type/third_party/SFML/include/SFML/System/ThreadLocalPtr.inl...
Parsing file /home/runner/work/R-Type/R-Type/third_party/SFML/include/SFML/System/ThreadLocalPtr.inl...
Preprocessing /home/runner/work/R-Type/R-Type/third_party/SFML/include/SFML/System/Time.hpp...
Parsing file /home/runner/work/R-Type/R-Type/third_party/SFML/include/SFML/System/Time.hpp...
Preprocessing /home/runner/work/R-Type/R-Type/third_party/SFML/include/SFML/System/Utf.hpp...
Parsing file /home/runner/work/R-Type/R-Type/third_party/SFML/include/SFML/System/Utf.hpp...
Preprocessing /home/runner/work/R-Type/R-Type/third_party/SFML/include/SFML/System/Utf.inl...
Parsing file /home/runner/work/R-Type/R-Type/third_party/SFML/include/SFML/System/Utf.inl...
Preprocessing /home/runner/work/R-Type/R-Type/third_party/SFML/include/SFML/System/Vector2.hpp...
Parsing file /home/runner/work/R-Type/R-Type/third_party/SFML/include/SFML/System/Vector2.hpp...
Preprocessing /home/runner/work/R-Type/R-Type/third_party/SFML/include/SFML/System/Vector2.inl...
Parsing file /home/runner/work/R-Type/R-Type/third_party/SFML/include/SFML/System/Vector2.inl...
Preprocessing /home/runner/work/R-Type/R-Type/third_party/SFML/include/SFML/System/Vector3.hpp...
Parsing file /home/runner/work/R-Type/R-Type/third_party/SFML/include/SFML/System/Vector3.hpp...
Preprocessing /home/runner/work/R-Type/R-Type/third_party/SFML/include/SFML/System/Vector3.inl...
Parsing file /home/runner/work/R-Type/R-Type/third_party/SFML/include/SFML/System/Vector3.inl...
Preprocessing /home/runner/work/R-Type/R-Type/third_party/SFML/include/SFML/Window.hpp...
Parsing file /home/runner/work/R-Type/R-Type/third_party/SFML/include/SFML/Window.hpp...
Preprocessing /home/runner/work/R-Type/R-Type/third_party/SFML/include/SFML/Window/Clipboard.hpp...
Parsing file /home/runner/work/R-Type/R-Type/third_party/SFML/include/SFML/Window/Clipboard.hpp...
Preprocessing /home/runner/work/R-Type/R-Type/third_party/SFML/include/SFML/Window/Context.hpp...
Parsing file /home/runner/work/R-Type/R-Type/third_party/SFML/include/SFML/Window/Context.hpp...
Preprocessing /home/runner/work/R-Type/R-Type/third_party/SFML/include/SFML/Window/ContextSettings.hpp...
Parsing file /home/runner/work/R-Type/R-Type/third_party/SFML/include/SFML/Window/ContextSettings.hpp...
Preprocessing /home/runner/work/R-Type/R-Type/third_party/SFML/include/SFML/Window/Cursor.hpp...
Parsing file /home/runner/work/R-Type/R-Type/third_party/SFML/include/SFML/Window/Cursor.hpp...
Preprocessing /home/runner/work/R-Type/R-Type/third_party/SFML/include/SFML/Window/Event.hpp...
Parsing file /home/runner/work/R-Type/R-Type/third_party/SFML/include/SFML/Window/Event.hpp...
Preprocessing /home/runner/work/R-Type/R-Type/third_party/SFML/include/SFML/Window/Export.hpp...
Parsing file /home/runner/work/R-Type/R-Type/third_party/SFML/include/SFML/Window/Export.hpp...
Preprocessing /home/runner/work/R-Type/R-Type/third_party/SFML/include/SFML/Window/GlResource.hpp...
Parsing file /home/runner/work/R-Type/R-Type/third_party/SFML/include/SFML/Window/GlResource.hpp...
Preprocessing /home/runner/work/R-Type/R-Type/third_party/SFML/include/SFML/Window/Joystick.hpp...
Parsing file /home/runner/work/R-Type/R-Type/third_party/SFML/include/SFML/Window/Joystick.hpp...
Preprocessing /home/runner/work/R-Type/R-Type/third_party/SFML/include/SFML/Window/Keyboard.hpp...
Parsing file /home/runner/work/R-Type/R-Type/third_party/SFML/include/SFML/Window/Keyboard.hpp...
Preprocessing /home/runner/work/R-Type/R-Type/third_party/SFML/include/SFML/Window/Mouse.hpp...
Parsing file /home/runner/work/R-Type/R-Type/third_party/SFML/include/SFML/Window/Mouse.hpp...
Preprocessing /home/runner/work/R-Type/R-Type/third_party/SFML/include/SFML/Window/Sensor.hpp...
Parsing file /home/runner/work/R-Type/R-Type/third_party/SFML/include/SFML/Window/Sensor.hpp...
Preprocessing /home/runner/work/R-Type/R-Type/third_party/SFML/include/SFML/Window/Touch.hpp...
Parsing file /home/runner/work/R-Type/R-Type/third_party/SFML/include/SFML/Window/Touch.hpp...
Preprocessing /home/runner/work/R-Type/R-Type/third_party/SFML/include/SFML/Window/VideoMode.hpp...
Parsing file /home/runner/work/R-Type/R-Type/third_party/SFML/include/SFML/Window/VideoMode.hpp...
Preprocessing /home/runner/work/R-Type/R-Type/third_party/SFML/include/SFML/Window/Window.hpp...
Parsing file /home/runner/work/R-Type/R-Type/third_party/SFML/include/SFML/Window/Window.hpp...
Preprocessing /home/runner/work/R-Type/R-Type/third_party/SFML/include/SFML/Window/WindowHandle.hpp...
Parsing file /home/runner/work/R-Type/R-Type/third_party/SFML/include/SFML/Window/WindowHandle.hpp...
Preprocessing /home/runner/work/R-Type/R-Type/third_party/SFML/include/SFML/Window/WindowStyle.hpp...
Parsing file /home/runner/work/R-Type/R-Type/third_party/SFML/include/SFML/Window/WindowStyle.hpp...
Preprocessing /home/runner/work/R-Type/R-Type/third_party/SFML/share/SFML/examples/ftp/Ftp.cpp...
Parsing file /home/runner/work/R-Type/R-Type/third_party/SFML/share/SFML/examples/ftp/Ftp.cpp...
Preprocessing /home/runner/work/R-Type/R-Type/third_party/SFML/share/SFML/examples/island/Island.cpp...
Parsing file /home/runner/work/R-Type/R-Type/third_party/SFML/share/SFML/examples/island/Island.cpp...
Preprocessing /home/runner/work/R-Type/R-Type/third_party/SFML/share/SFML/examples/joystick/Joystick.cpp...
Parsing file /home/runner/work/R-Type/R-Type/third_party/SFML/share/SFML/examples/joystick/Joystick.cpp...
Preprocessing /home/runner/work/R-Type/R-Type/third_party/SFML/share/SFML/examples/opengl/OpenGL.cpp...
Parsing file /home/runner/work/R-Type/R-Type/third_party/SFML/share/SFML/examples/opengl/OpenGL.cpp...
Preprocessing /home/runner/work/R-Type/R-Type/third_party/SFML/share/SFML/examples/pong/Pong.cpp...
Parsing file /home/runner/work/R-Type/R-Type/third_party/SFML/share/SFML/examples/pong/Pong.cpp...
Preprocessing /home/runner/work/R-Type/R-Type/third_party/SFML/share/SFML/examples/shader/Effect.hpp...
Parsing file /home/runner/work/R-Type/R-Type/third_party/SFML/share/SFML/examples/shader/Effect.hpp...
Preprocessing /home/runner/work/R-Type/R-Type/third_party/SFML/share/SFML/examples/shader/Shader.cpp...
Parsing file /home/runner/work/R-Type/R-Type/third_party/SFML/share/SFML/examples/shader/Shader.cpp...
Preprocessing /home/runner/work/R-Type/R-Type/third_party/SFML/share/SFML/examples/sockets/Sockets.cpp...
Parsing file /home/runner/work/R-Type/R-Type/third_party/SFML/share/SFML/examples/sockets/Sockets.cpp...
Preprocessing /home/runner/work/R-Type/R-Type/third_party/SFML/share/SFML/examples/sockets/TCP.cpp...
Parsing file /home/runner/work/R-Type/R-Type/third_party/SFML/share/SFML/examples/sockets/TCP.cpp...
Preprocessing /home/runner/work/R-Type/R-Type/third_party/SFML/share/SFML/examples/sockets/UDP.cpp...
Parsing file /home/runner/work/R-Type/R-Type/third_party/SFML/share/SFML/examples/sockets/UDP.cpp...
Preprocessing /home/runner/work/R-Type/R-Type/third_party/SFML/share/SFML/examples/sound-capture/SoundCapture.cpp...
Parsing file /home/runner/work/R-Type/R-Type/third_party/SFML/share/SFML/examples/sound-capture/SoundCapture.cpp...
Preprocessing /home/runner/work/R-Type/R-Type/third_party/SFML/share/SFML/examples/sound/Sound.cpp...
Parsing file /home/runner/work/R-Type/R-Type/third_party/SFML/share/SFML/examples/sound/Sound.cpp...
Preprocessing /home/runner/work/R-Type/R-Type/third_party/SFML/share/SFML/examples/voip/Client.cpp...
Parsing file /home/runner/work/R-Type/R-Type/third_party/SFML/share/SFML/examples/voip/Client.cpp...
Preprocessing /home/runner/work/R-Type/R-Type/third_party/SFML/share/SFML/examples/voip/Server.cpp...
Parsing file /home/runner/work/R-Type/R-Type/third_party/SFML/share/SFML/examples/voip/Server.cpp...
Preprocessing /home/runner/work/R-Type/R-Type/third_party/SFML/share/SFML/examples/voip/VoIP.cpp...
Parsing file /home/runner/work/R-Type/R-Type/third_party/SFML/share/SFML/examples/voip/VoIP.cpp...
Preprocessing /home/runner/work/R-Type/R-Type/third_party/SFML/share/SFML/examples/window/Window.cpp...
Parsing file /home/runner/work/R-Type/R-Type/third_party/SFML/share/SFML/examples/window/Window.cpp...
Preprocessing /home/runner/work/R-Type/R-Type/third_party/SFML/share/SFML/examples/X11Example/X11.cpp...
Parsing file /home/runner/work/R-Type/R-Type/third_party/SFML/share/SFML/examples/X11Example/X11.cpp...
Reading /home/runner/work/R-Type/R-Type/third_party/SFML/share/SFML/license.md...
Reading /home/runner/work/R-Type/R-Type/third_party/SFML/share/SFML/readme.md...
Building macro definition list...
Building group list...
Building directory list...
Building namespace list...
Building file list...
Building class list...
Building concept list...
Computing nesting relations for classes...
Associating documentation with classes...
Associating documentation with concepts...
Associating documentation with modules...
Building example list...
Searching for enumerations...
Searching for documented typedefs...
Searching for members imported via using declarations...
Searching for included using directives...
Searching for documented variables...
Building interface member list...
Building member list...
Searching for friends...
Searching for documented defines...
Computing class inheritance relations...
Computing class usage relations...
Flushing cached template relations that have become invalid...
Computing class relations...
Add enum values to enums...
Searching for member function documentation...
Creating members for template instances...
Building page list...
Search for main page...
Computing page relations...
Determining the scope of groups...
Computing module relations...
Sorting lists...
Determining which enums are documented
Computing member relations...
Building full member lists recursively...
Adding members to member groups.
Computing member references...
Inheriting documentation...
Generating disk names...
Adding source references...
Adding xrefitems...
Sorting member lists...
Setting anonymous enum type...
Computing dependencies between directories...
Generating citations page...
Counting members...
Counting data structures...
Resolving user defined references...
Finding anchors and sections in the documentation...
Transferring function references...
Combining using relations...
Adding members to index pages...
Correcting members for VHDL...
Computing tooltip texts...
Generating style sheet...
Generating search indices...
Generating example documentation...
Generating file sources...
Generating code for file ecs/include/components/Background.hpp...
Generating code for file ecs/include/systems/Background.hpp...
Generating code for file ecs/include/components/Box.hpp...
Generating code for file ecs/include/systems/Box.hpp...
Generating code for file ecs/include/components/Bullet.hpp...
Generating code for file ecs/include/systems/Bullet.hpp...
Generating code for file ecs/include/components/Component.hpp...
Generating code for file ecs/include/components/Enemie.hpp...
Generating code for file ecs/include/systems/Enemie.hpp...
Generating code for file ecs/include/components/Health.hpp...
Generating code for file ecs/include/components/Owner.hpp...
Generating code for file ecs/include/components/Pattern.hpp...
Generating code for file ecs/include/components/Player.hpp...
Generating code for file ecs/include/systems/Player.hpp...
Generating code for file ecs/include/components/Position.hpp...
Generating code for file ecs/include/components/TextureServer.hpp...
Generating code for file ecs/include/components/Velocity.hpp...
Generating code for file ecs/include/display/IDisplay.hpp...
Generating code for file ecs/include/display/SFMLDisplay.hpp...
Generating code for file ecs/include/Entity.hpp...
Generating code for file ecs/include/EntityManager.hpp...
Generating code for file ecs/include/network/ISocket.hpp...
Generating code for file ecs/include/network/SFMLSocket.hpp...
Generating code for file ecs/include/protocole.hpp...
Generating code for file ecs/include/SystemManager.hpp...
Generating code for file ecs/include/systems/Client.hpp...
Generating code for file ecs/include/systems/ColorBlind.hpp...
Generating code for file ecs/include/systems/ISystem.hpp...
Generating code for file ecs/include/systems/Movement.hpp...
Generating code for file ecs/include/systems/Render.hpp...
Generating code for file ecs/include/systems/Server.hpp...
Generating code for file third_party/SFML/include/SFML/Audio.hpp...
Generating code for file third_party/SFML/include/SFML/Audio/AlResource.hpp...
Generating code for file third_party/SFML/include/SFML/Audio/InputSoundFile.hpp...
Generating code for file third_party/SFML/include/SFML/Audio/Listener.hpp...
Generating code for file third_party/SFML/include/SFML/Audio/Music.hpp...
Generating code for file third_party/SFML/include/SFML/Audio/OutputSoundFile.hpp...
Generating code for file third_party/SFML/include/SFML/Audio/Sound.hpp...
Generating code for file third_party/SFML/include/SFML/Audio/SoundBuffer.hpp...
Generating code for file third_party/SFML/include/SFML/Audio/SoundBufferRecorder.hpp...
Generating code for file third_party/SFML/include/SFML/Audio/SoundFileFactory.hpp...
Generating code for file third_party/SFML/include/SFML/Audio/SoundFileFactory.inl...
Generating code for file third_party/SFML/include/SFML/Audio/SoundFileReader.hpp...
Generating code for file third_party/SFML/include/SFML/Audio/SoundFileWriter.hpp...
Generating code for file third_party/SFML/include/SFML/Audio/SoundRecorder.hpp...
Generating code for file third_party/SFML/include/SFML/Audio/SoundSource.hpp...
Generating code for file third_party/SFML/include/SFML/Audio/SoundStream.hpp...
Generating code for file third_party/SFML/include/SFML/Config.hpp...
Generating code for file third_party/SFML/include/SFML/GpuPreference.hpp...
Generating code for file third_party/SFML/include/SFML/Graphics.hpp...
Generating code for file third_party/SFML/include/SFML/Graphics/BlendMode.hpp...
Generating code for file third_party/SFML/include/SFML/Graphics/CircleShape.hpp...
Generating code for file third_party/SFML/include/SFML/Graphics/Color.hpp...
Generating code for file third_party/SFML/include/SFML/Graphics/ConvexShape.hpp...
Generating code for file third_party/SFML/include/SFML/Graphics/Drawable.hpp...
Generating code for file third_party/SFML/include/SFML/Graphics/Font.hpp...
Generating code for file third_party/SFML/include/SFML/Graphics/Glsl.hpp...
Generating code for file third_party/SFML/include/SFML/Graphics/Glsl.inl...
Generating code for file third_party/SFML/include/SFML/Graphics/Glyph.hpp...
Generating code for file third_party/SFML/include/SFML/Graphics/Image.hpp...
Generating code for file third_party/SFML/include/SFML/Graphics/PrimitiveType.hpp...
Generating code for file third_party/SFML/include/SFML/Graphics/Rect.hpp...
Generating code for file third_party/SFML/include/SFML/Graphics/Rect.inl...
Generating code for file third_party/SFML/include/SFML/Graphics/RectangleShape.hpp...
Generating code for file third_party/SFML/include/SFML/Graphics/RenderStates.hpp...
Generating code for file third_party/SFML/include/SFML/Graphics/RenderTarget.hpp...
Generating code for file third_party/SFML/include/SFML/Graphics/RenderTexture.hpp...
Generating code for file third_party/SFML/include/SFML/Graphics/RenderWindow.hpp...
Generating code for file third_party/SFML/include/SFML/Graphics/Shader.hpp...
Generating code for file third_party/SFML/include/SFML/Graphics/Shape.hpp...
Generating code for file third_party/SFML/include/SFML/Graphics/Sprite.hpp...
Generating code for file third_party/SFML/include/SFML/Graphics/Text.hpp...
Generating code for file ecs/include/components/Texture.hpp...
Generating code for file third_party/SFML/include/SFML/Graphics/Texture.hpp...
Generating code for file third_party/SFML/include/SFML/Graphics/Transform.hpp...
Generating code for file third_party/SFML/include/SFML/Graphics/Transformable.hpp...
Generating code for file third_party/SFML/include/SFML/Graphics/Vertex.hpp...
Generating code for file third_party/SFML/include/SFML/Graphics/VertexArray.hpp...
Generating code for file third_party/SFML/include/SFML/Graphics/VertexBuffer.hpp...
Generating code for file third_party/SFML/include/SFML/Graphics/View.hpp...
Generating code for file third_party/SFML/include/SFML/Main.hpp...
Generating code for file ecs/include/components/Network.hpp...
Generating code for file third_party/SFML/include/SFML/Network.hpp...
Generating code for file third_party/SFML/include/SFML/Network/Ftp.hpp...
Generating code for file third_party/SFML/include/SFML/Network/Http.hpp...
Generating code for file third_party/SFML/include/SFML/Network/IpAddress.hpp...
Generating code for file third_party/SFML/include/SFML/Network/Packet.hpp...
Generating code for file third_party/SFML/include/SFML/Network/Socket.hpp...
Generating code for file third_party/SFML/include/SFML/Network/SocketHandle.hpp...
Generating code for file third_party/SFML/include/SFML/Network/SocketSelector.hpp...
Generating code for file third_party/SFML/include/SFML/Network/TcpListener.hpp...
Generating code for file third_party/SFML/include/SFML/Network/TcpSocket.hpp...
Generating code for file third_party/SFML/include/SFML/Network/UdpSocket.hpp...
Generating code for file third_party/SFML/include/SFML/OpenGL.hpp...
Generating code for file third_party/SFML/include/SFML/System.hpp...
Generating code for file third_party/SFML/include/SFML/System/Clock.hpp...
Generating code for file third_party/SFML/include/SFML/System/Err.hpp...
Generating code for file third_party/SFML/include/SFML/Audio/Export.hpp...
Generating code for file third_party/SFML/include/SFML/Graphics/Export.hpp...
Generating code for file third_party/SFML/include/SFML/Network/Export.hpp...
Generating code for file third_party/SFML/include/SFML/System/Export.hpp...
Generating code for file third_party/SFML/include/SFML/Window/Export.hpp...
Generating code for file third_party/SFML/include/SFML/System/FileInputStream.hpp...
Generating code for file third_party/SFML/include/SFML/System/InputStream.hpp...
Generating code for file third_party/SFML/include/SFML/System/Lock.hpp...
Generating code for file third_party/SFML/include/SFML/System/MemoryInputStream.hpp...
Generating code for file third_party/SFML/include/SFML/System/Mutex.hpp...
Generating code for file third_party/SFML/include/SFML/System/NativeActivity.hpp...
Generating code for file third_party/SFML/include/SFML/System/NonCopyable.hpp...
Generating code for file third_party/SFML/include/SFML/System/Sleep.hpp...
Generating code for file third_party/SFML/include/SFML/System/String.hpp...
Generating code for file third_party/SFML/include/SFML/System/String.inl...
Generating code for file third_party/SFML/include/SFML/System/Thread.hpp...
Generating code for file third_party/SFML/include/SFML/System/Thread.inl...
Generating code for file third_party/SFML/include/SFML/System/ThreadLocal.hpp...
Generating code for file third_party/SFML/include/SFML/System/ThreadLocalPtr.hpp...
Generating code for file third_party/SFML/include/SFML/System/ThreadLocalPtr.inl...
Generating code for file third_party/SFML/include/SFML/System/Time.hpp...
Generating code for file third_party/SFML/include/SFML/System/Utf.hpp...
Generating code for file third_party/SFML/include/SFML/System/Utf.inl...
Generating code for file third_party/SFML/include/SFML/System/Vector2.hpp...
Generating code for file third_party/SFML/include/SFML/System/Vector2.inl...
Generating code for file third_party/SFML/include/SFML/System/Vector3.hpp...
Generating code for file third_party/SFML/include/SFML/System/Vector3.inl...
Generating code for file third_party/SFML/include/SFML/Window/Clipboard.hpp...
Generating code for file third_party/SFML/include/SFML/Window/Context.hpp...
Generating code for file third_party/SFML/include/SFML/Window/ContextSettings.hpp...
Generating code for file third_party/SFML/include/SFML/Window/Cursor.hpp...
Generating code for file third_party/SFML/include/SFML/Window/Event.hpp...
Generating code for file third_party/SFML/include/SFML/Window/GlResource.hpp...
Generating code for file third_party/SFML/include/SFML/Window/Joystick.hpp...
Generating code for file third_party/SFML/include/SFML/Window/Keyboard.hpp...
Generating code for file third_party/SFML/include/SFML/Window/Mouse.hpp...
Generating code for file third_party/SFML/include/SFML/Window/Sensor.hpp...
Generating code for file third_party/SFML/include/SFML/Window/Touch.hpp...
Generating code for file third_party/SFML/include/SFML/Window/VideoMode.hpp...
Generating code for file third_party/SFML/include/SFML/Window.hpp...
Generating code for file third_party/SFML/include/SFML/Window/Window.hpp...
Generating code for file third_party/SFML/include/SFML/Window/WindowHandle.hpp...
Generating code for file third_party/SFML/include/SFML/Window/WindowStyle.hpp...
Generating code for file third_party/SFML/share/SFML/examples/shader/Effect.hpp...
Generating file documentation...
Generating docs for file ecs/include/components/Box.hpp...
Generating docs for file ecs/include/components/Component.hpp...
Generating docs for file ecs/include/components/Enemie.hpp...
Generating docs for file ecs/include/components/Player.hpp...
Generating docs for file ecs/include/display/IDisplay.hpp...
Generating docs for file ecs/include/display/SFMLDisplay.hpp...
Generating docs for file ecs/include/SystemManager.hpp...
Generating docs for file ecs/include/systems/Movement.hpp...
Generating docs for file ecs/include/systems/Render.hpp...
Generating docs for file ecs/src/SystemManager.cpp...
Generating docs for file third_party/SFML/include/SFML/GpuPreference.hpp...
Generating page documentation...
Generating docs for page md_ComparativeAnalysis...
Generating docs for page md_CompilationWindows...
Generating docs for page md_DeveloperDocumentation...
Generating docs for page md_protocol...
Generating docs for page md_Readme...
Generating docs for page md_third__party_2SFML_2share_2SFML_2license...
Generating docs for page md_third__party_2SFML_2share_2SFML_2readme...
Generating docs for page deprecated...
Generating group documentation...
Generating class documentation...
Generating docs for compound Edge...
Generating docs for compound Effect...
Generating docs for compound Geometry...
Generating docs for compound Matrix...
Generating docs for compound NetworkAudioStream...
Generating docs for compound NetworkRecorder...
Generating docs for compound Pixelate...
Generating docs for compound StormBlink...
Generating docs for compound Vector4...
Generating docs for compound Wave...
Generating docs for compound WaveBlur...
Generating concept documentation...
Generating module documentation...
Generating namespace documentation...
Generating docs for namespace component
Generating docs for compound component::Background...
Generating docs for compound component::Box...
Generating docs for compound component::Bullet...
Generating docs for compound component::Component...
Generating docs for compound component::Enemie...
Generating docs for compound component::Health...
Generating docs for compound component::Network...
Generating docs for compound component::Owner...
Generating docs for compound component::Pattern...
Generating docs for compound component::Player...
Generating docs for compound component::Position...
Generating docs for compound component::Texture...
Generating docs for compound component::TextureServer...
Generating docs for compound component::Velocity...
Generating docs for compound display::IDisplay...
Generating docs for compound display::ITexture...
Generating docs for compound display::SFMLDisplay...
Generating docs for compound display::SFMLTexture...
Generating docs for namespace ecs
Generating docs for compound ecs::EntityManager...
Generating docs for compound ecs::SystemManager...
Generating docs for compound network::IAddress...
Generating docs for compound network::IPacket...
Generating docs for compound network::ISocket...
Generating docs for compound network::SFMLAddress...
Generating docs for compound network::SFMLPacket...
Generating docs for compound network::SFMLSocket...
Generating docs for compound priv::ThreadFunc...
Generating docs for compound priv::ThreadFunctor...
Generating docs for compound priv::ThreadFunctorWithArg...
Generating docs for compound priv::ThreadMemberFunc...
Generating docs for compound sf::AlResource...
Generating docs for compound sf::BlendMode...
Generating docs for compound sf::CircleShape...
Generating docs for compound sf::Clipboard...
Generating docs for compound sf::Clock...
Generating docs for compound sf::Color...
Generating docs for compound sf::Context...
Generating docs for compound sf::ContextSettings...
Generating docs for compound sf::ConvexShape...
Generating docs for compound sf::Cursor...
Generating docs for compound sf::Drawable...
Generating docs for compound sf::Event...
Generating docs for nested compound sf::Event::JoystickButtonEvent...
Generating docs for nested compound sf::Event::JoystickConnectEvent...
Generating docs for nested compound sf::Event::JoystickMoveEvent...
Generating docs for nested compound sf::Event::KeyEvent...
Generating docs for nested compound sf::Event::MouseButtonEvent...
Generating docs for nested compound sf::Event::MouseMoveEvent...
Generating docs for nested compound sf::Event::MouseWheelEvent...
Generating docs for nested compound sf::Event::MouseWheelScrollEvent...
Generating docs for nested compound sf::Event::SensorEvent...
Generating docs for nested compound sf::Event::SizeEvent...
Generating docs for nested compound sf::Event::TextEvent...
Generating docs for nested compound sf::Event::TouchEvent...
Generating docs for compound sf::FileInputStream...
Generating docs for compound sf::Font...
Generating docs for nested compound sf::Font::Info...
Generating docs for compound sf::Ftp...
Generating docs for nested compound sf::Ftp::DirectoryResponse...
Generating docs for nested compound sf::Ftp::ListingResponse...
Generating docs for nested compound sf::Ftp::Response...
Generating docs for compound sf::GlResource...
Generating docs for nested compound sf::GlResource::TransientContextLock...
Generating docs for compound sf::Glyph...
Generating docs for compound sf::Http...
Generating docs for nested compound sf::Http::Request...
Generating docs for nested compound sf::Http::Response...
Generating docs for compound sf::Image...
Generating docs for compound sf::InputSoundFile...
Generating docs for compound sf::InputStream...
Generating docs for compound sf::IpAddress...
Generating docs for compound sf::Joystick...
Generating docs for nested compound sf::Joystick::Identification...
Generating docs for compound sf::Keyboard...
Generating docs for compound sf::Listener...
Generating docs for compound sf::Lock...
Generating docs for compound sf::MemoryInputStream...
Generating docs for compound sf::Mouse...
Generating docs for compound sf::Music...
Generating docs for nested compound sf::Music::Span...
Generating docs for compound sf::Mutex...
Generating docs for compound sf::NonCopyable...
Generating docs for compound sf::OutputSoundFile...
Generating docs for compound sf::Packet...
Generating docs for compound sf::Rect...
Generating docs for compound sf::RectangleShape...
Generating docs for compound sf::RenderStates...
Generating docs for compound sf::RenderTarget...
Generating docs for compound sf::RenderTexture...
Generating docs for compound sf::RenderWindow...
Generating docs for compound sf::Sensor...
Generating docs for compound sf::Shader...
Generating docs for nested compound sf::Shader::CurrentTextureType...
Generating docs for compound sf::Shape...
Generating docs for compound sf::Socket...
Generating docs for compound sf::SocketSelector...
Generating docs for compound sf::Sound...
Generating docs for compound sf::SoundBuffer...
Generating docs for compound sf::SoundBufferRecorder...
Generating docs for compound sf::SoundFileFactory...
Generating docs for compound sf::SoundFileReader...
Generating docs for nested compound sf::SoundFileReader::Info...
Generating docs for compound sf::SoundFileWriter...
Generating docs for compound sf::SoundRecorder...
Generating docs for compound sf::SoundSource...
Generating docs for compound sf::SoundStream...
Generating docs for nested compound sf::SoundStream::Chunk...
Generating docs for compound sf::Sprite...
Generating docs for compound sf::String...
Generating docs for compound sf::TcpListener...
Generating docs for compound sf::TcpSocket...
Generating docs for compound sf::Text...
Generating docs for compound sf::Texture...
Generating docs for compound sf::Thread...
Generating docs for compound sf::ThreadLocal...
Generating docs for compound sf::ThreadLocalPtr...
Generating docs for compound sf::Time...
Generating docs for compound sf::Touch...
Generating docs for compound sf::Transform...
Generating docs for compound sf::Transformable...
Generating docs for compound sf::UdpSocket...
Generating docs for compound sf::Utf...
Generating docs for compound sf::Utf< 16 >...
Generating docs for compound sf::Utf< 32 >...
Generating docs for compound sf::Utf< 8 >...
Generating docs for compound sf::Vector2...
Generating docs for compound sf::Vector3...
Generating docs for compound sf::Vertex...
Generating docs for compound sf::VertexArray...
Generating docs for compound sf::VertexBuffer...
Generating docs for compound sf::VideoMode...
Generating docs for compound sf::View...
Generating docs for compound sf::Window...
Generating docs for namespace sf::Glsl
Generating docs for compound sf::priv::Matrix...
Generating docs for compound sf::priv::Vector4...
Generating docs for namespace systems
Generating docs for compound systems::Background...
Generating docs for compound systems::Box...
Generating docs for compound systems::Bullet...
Generating docs for compound systems::Client...
Generating docs for compound systems::ClientInfo...
Generating docs for compound systems::ColorBlind...
Generating docs for compound systems::Enemie...
Generating docs for compound systems::ISystem...
Generating docs for compound systems::Movement...
Generating docs for compound systems::Player...
Generating docs for compound systems::Render...
Generating docs for compound systems::Server...
Generating graph info page...
Generating directory documentation...
Generating dependency graph for directory third_party/SFML/include/SFML/Audio
Generating dependency graph for directory client
Generating dependency graph for directory ecs/include/components
Generating dependency graph for directory ecs/include/display
Generating dependency graph for directory ecs/src/display
Generating dependency graph for directory ecs
Generating dependency graph for directory third_party/SFML/share/SFML/examples
Generating dependency graph for directory third_party/SFML/share/SFML/examples/ftp
Generating dependency graph for directory third_party/SFML/include/SFML/Graphics
Generating dependency graph for directory ecs/include
Generating dependency graph for directory third_party/SFML/include
Generating dependency graph for directory third_party/SFML/share/SFML/examples/island
Generating dependency graph for directory third_party/SFML/share/SFML/examples/joystick
Generating dependency graph for directory ecs/include/network
Generating dependency graph for directory ecs/src/network
Generating dependency graph for directory third_party/SFML/include/SFML/Network
Generating dependency graph for directory third_party/SFML/share/SFML/examples/opengl
Generating dependency graph for directory third_party/SFML/share/SFML/examples/pong
Generating dependency graph for directory server
Generating dependency graph for directory third_party/SFML
Generating dependency graph for directory third_party/SFML/include/SFML
Generating dependency graph for directory third_party/SFML/share/SFML
Generating dependency graph for directory third_party/SFML/share/SFML/examples/shader
Generating dependency graph for directory third_party/SFML/share
Generating dependency graph for directory third_party/SFML/share/SFML/examples/sockets
Generating dependency graph for directory third_party/SFML/share/SFML/examples/sound
Generating dependency graph for directory third_party/SFML/share/SFML/examples/sound-capture
Generating dependency graph for directory client/src
Generating dependency graph for directory ecs/src
Generating dependency graph for directory server/src
Generating dependency graph for directory ecs/src/system
Generating dependency graph for directory third_party/SFML/include/SFML/System
Generating dependency graph for directory ecs/include/systems
Generating dependency graph for directory third_party/SFML/share/SFML/examples/voip
Generating dependency graph for directory third_party/SFML/include/SFML/Window
Generating dependency graph for directory third_party/SFML/share/SFML/examples/window
Generating dependency graph for directory third_party/SFML/share/SFML/examples/X11Example
Generating index page...
Generating page index...
Generating topic index...
Generating module index...
Generating module member index...
Generating namespace index...
Generating namespace member index...
Generating concept index...
Generating annotated compound index...
Generating alphabetical compound index...
Generating hierarchical class index...
Generating graphical class hierarchy...
Generating member index...
Generating file index...
Generating file member index...
Generating example index...
finalizing index lists...
writing tag file...
Running plantuml with JAVA...
Running dot...
Generating dot graphs using 3 parallel threads...
Running dot for graph 1/241
Running dot for graph 2/241
Running dot for graph 3/241
Running dot for graph 4/241
Running dot for graph 5/241
Running dot for graph 6/241
Running dot for graph 7/241
Running dot for graph 8/241
Running dot for graph 9/241
Running dot for graph 10/241
Running dot for graph 11/241
Running dot for graph 12/241
Running dot for graph 13/241
Running dot for graph 14/241
Running dot for graph 15/241
Running dot for graph 16/241
Running dot for graph 17/241
Running dot for graph 18/241
Running dot for graph 19/241
Running dot for graph 20/241
Running dot for graph 21/241
Running dot for graph 22/241
Running dot for graph 23/241
Running dot for graph 24/241
Running dot for graph 25/241
Running dot for graph 26/241
Running dot for graph 27/241
Running dot for graph 28/241
Running dot for graph 29/241
Running dot for graph 30/241
Running dot for graph 31/241
Running dot for graph 32/241
Running dot for graph 33/241
Running dot for graph 34/241
Running dot for graph 35/241
Running dot for graph 36/241
Running dot for graph 37/241
Running dot for graph 38/241
Running dot for graph 39/241
Running dot for graph 40/241
Running dot for graph 41/241
Running dot for graph 42/241
Running dot for graph 43/241
Running dot for graph 44/241
Running dot for graph 45/241
Running dot for graph 46/241
Running dot for graph 47/241
Running dot for graph 48/241
Running dot for graph 49/241
Running dot for graph 50/241
Running dot for graph 51/241
Running dot for graph 52/241
Running dot for graph 53/241
Running dot for graph 54/241
Running dot for graph 55/241
Running dot for graph 56/241
Running dot for graph 57/241
Running dot for graph 58/241
Running dot for graph 59/241
Running dot for graph 60/241
Running dot for graph 61/241
Running dot for graph 62/241
Running dot for graph 63/241
Running dot for graph 64/241
Running dot for graph 65/241
Running dot for graph 66/241
Running dot for graph 67/241
Running dot for graph 68/241
Running dot for graph 69/241
Running dot for graph 70/241
Running dot for graph 71/241
Running dot for graph 72/241
Running dot for graph 73/241
Running dot for graph 74/241
Running dot for graph 75/241
Running dot for graph 76/241
Running dot for graph 77/241
Running dot for graph 78/241
Running dot for graph 79/241
Running dot for graph 80/241
Running dot for graph 81/241
Running dot for graph 82/241
Running dot for graph 83/241
Running dot for graph 84/241
Running dot for graph 85/241
Running dot for graph 86/241
Running dot for graph 87/241
Running dot for graph 88/241
Running dot for graph 89/241
Running dot for graph 90/241
Running dot for graph 91/241
Running dot for graph 92/241
Running dot for graph 93/241
Running dot for graph 94/241
Running dot for graph 95/241
Running dot for graph 96/241
Running dot for graph 97/241
Running dot for graph 98/241
Running dot for graph 99/241
Running dot for graph 100/241
Running dot for graph 101/241
Running dot for graph 102/241
Running dot for graph 103/241
Running dot for graph 104/241
Running dot for graph 105/241
Running dot for graph 106/241
Running dot for graph 107/241
Running dot for graph 108/241
Running dot for graph 109/241
Running dot for graph 110/241
Running dot for graph 111/241
Running dot for graph 112/241
Running dot for graph 113/241
Running dot for graph 114/241
Running dot for graph 115/241
Running dot for graph 116/241
Running dot for graph 117/241
Running dot for graph 118/241
Running dot for graph 119/241
Running dot for graph 120/241
Running dot for graph 121/241
Running dot for graph 122/241
Running dot for graph 123/241
Running dot for graph 124/241
Running dot for graph 125/241
Running dot for graph 126/241
Running dot for graph 127/241
Running dot for graph 128/241
Running dot for graph 129/241
Running dot for graph 130/241
Running dot for graph 131/241
Running dot for graph 132/241
Running dot for graph 133/241
Running dot for graph 134/241
Running dot for graph 135/241
Running dot for graph 136/241
Running dot for graph 137/241
Running dot for graph 138/241
Running dot for graph 139/241
Running dot for graph 140/241
Running dot for graph 141/241
Running dot for graph 142/241
Running dot for graph 143/241
Running dot for graph 144/241
Running dot for graph 145/241
Running dot for graph 146/241
Running dot for graph 147/241
Running dot for graph 148/241
Running dot for graph 149/241
Running dot for graph 150/241
Running dot for graph 151/241
Running dot for graph 152/241
Running dot for graph 153/241
Running dot for graph 154/241
Running dot for graph 155/241
Running dot for graph 156/241
Running dot for graph 157/241
Running dot for graph 158/241
Running dot for graph 159/241
Running dot for graph 160/241
Running dot for graph 161/241
Running dot for graph 162/241
Running dot for graph 163/241
Running dot for graph 164/241
Running dot for graph 165/241
Running dot for graph 166/241
Running dot for graph 167/241
Running dot for graph 168/241
Running dot for graph 169/241
Running dot for graph 170/241
Running dot for graph 171/241
Running dot for graph 172/241
Running dot for graph 173/241
Running dot for graph 174/241
Running dot for graph 175/241
Running dot for graph 176/241
Running dot for graph 177/241
Running dot for graph 178/241
Running dot for graph 179/241
Running dot for graph 180/241
Running dot for graph 181/241
Running dot for graph 182/241
Running dot for graph 183/241
Running dot for graph 184/241
Running dot for graph 185/241
Running dot for graph 186/241
Running dot for graph 187/241
Running dot for graph 188/241
Running dot for graph 189/241
Running dot for graph 190/241
Running dot for graph 191/241
Running dot for graph 192/241
Running dot for graph 193/241
Running dot for graph 194/241
Running dot for graph 195/241
Running dot for graph 196/241
Running dot for graph 197/241
Running dot for graph 198/241
Running dot for graph 199/241
Running dot for graph 200/241
Running dot for graph 201/241
Running dot for graph 202/241
Running dot for graph 203/241
Running dot for graph 204/241
Running dot for graph 205/241
Running dot for graph 206/241
Running dot for graph 207/241
Running dot for graph 208/241
Running dot for graph 209/241
Running dot for graph 210/241
Running dot for graph 211/241
Running dot for graph 212/241
Running dot for graph 213/241
Running dot for graph 214/241
Running dot for graph 215/241
Running dot for graph 216/241
Running dot for graph 217/241
Running dot for graph 218/241
Running dot for graph 219/241
Running dot for graph 220/241
Running dot for graph 221/241
Running dot for graph 222/241
Running dot for graph 223/241
Running dot for graph 224/241
Running dot for graph 225/241
Running dot for graph 226/241
Running dot for graph 227/241
Running dot for graph 228/241
Running dot for graph 229/241
Running dot for graph 230/241
Running dot for graph 231/241
Running dot for graph 232/241
Running dot for graph 233/241
Running dot for graph 234/241
Running dot for graph 235/241
Running dot for graph 236/241
Running dot for graph 237/241
Running dot for graph 238/241
Running dot for graph 239/241
Running dot for graph 240/241
Running dot for graph 241/241
Patching output file 1/116
Patching output file 2/116
Patching output file 3/116
Patching output file 4/116
Patching output file 5/116
Patching output file 6/116
Patching output file 7/116
Patching output file 8/116
Patching output file 9/116
Patching output file 10/116
Patching output file 11/116
Patching output file 12/116
Patching output file 13/116
Patching output file 14/116
Patching output file 15/116
Patching output file 16/116
Patching output file 17/116
Patching output file 18/116
Patching output file 19/116
Patching output file 20/116
Patching output file 21/116
Patching output file 22/116
Patching output file 23/116
Patching output file 24/116
Patching output file 25/116
Patching output file 26/116
Patching output file 27/116
Patching output file 28/116
Patching output file 29/116
Patching output file 30/116
Patching output file 31/116
Patching output file 32/116
Patching output file 33/116
Patching output file 34/116
Patching output file 35/116
Patching output file 36/116
Patching output file 37/116
Patching output file 38/116
Patching output file 39/116
Patching output file 40/116
Patching output file 41/116
Patching output file 42/116
Patching output file 43/116
Patching output file 44/116
Patching output file 45/116
Patching output file 46/116
Patching output file 47/116
Patching output file 48/116
Patching output file 49/116
Patching output file 50/116
Patching output file 51/116
Patching output file 52/116
Patching output file 53/116
Patching output file 54/116
Patching output file 55/116
Patching output file 56/116
Patching output file 57/116
Patching output file 58/116
Patching output file 59/116
Patching output file 60/116
Patching output file 61/116
Patching output file 62/116
Patching output file 63/116
Patching output file 64/116
Patching output file 65/116
Patching output file 66/116
Patching output file 67/116
Patching output file 68/116
Patching output file 69/116
Patching output file 70/116
Patching output file 71/116
Patching output file 72/116
Patching output file 73/116
Patching output file 74/116
Patching output file 75/116
Patching output file 76/116
Patching output file 77/116
Patching output file 78/116
Patching output file 79/116
Patching output file 80/116
Patching output file 81/116
Patching output file 82/116
Patching output file 83/116
Patching output file 84/116
Patching output file 85/116
Patching output file 86/116
Patching output file 87/116
Patching output file 88/116
Patching output file 89/116
Patching output file 90/116
Patching output file 91/116
Patching output file 92/116
Patching output file 93/116
Patching output file 94/116
Patching output file 95/116
Patching output file 96/116
Patching output file 97/116
Patching output file 98/116
Patching output file 99/116
Patching output file 100/116
Patching output file 101/116
Patching output file 102/116
Patching output file 103/116
Patching output file 104/116
Patching output file 105/116
Patching output file 106/116
Patching output file 107/116
Patching output file 108/116
Patching output file 109/116
Patching output file 110/116
Patching output file 111/116
Patching output file 112/116
Patching output file 113/116
Patching output file 114/116
Patching output file 115/116
Patching output file 116/116
type lookup cache used 5514/65536 hits=24355 misses=6082
symbol lookup cache used 5115/65536 hits=29060 misses=5115
finished...
